exports[`test passing dispatch 1`] = `
<button
  className="increment"
  onClick={[Function]}>
  1
</button>
`;
